Watching for file changes with StatReloader
Not Found: /
"GET / HTTP/1.1" 404 2279
Not Found: /favicon.ico
"GET /favicon.ico HTTP/1.1" 404 2330
"GET /admin/ HTTP/1.1" 302 0
"GET /admin/login/?next=/admin/ HTTP/1.1" 200 4181
"GET /static/admin/css/dark_mode.css HTTP/1.1" 200 2929
"GET /static/admin/css/login.css HTTP/1.1" 200 958
"GET /static/admin/css/nav_sidebar.css HTTP/1.1" 200 2694
"GET /static/admin/js/theme.js HTTP/1.1" 200 1943
"GET /static/admin/css/base.css HTTP/1.1" 200 21310
"GET /static/admin/css/responsive.css HTTP/1.1" 200 18559
"GET /static/admin/js/nav_sidebar.js HTTP/1.1" 200 3063
"POST /admin/login/?next=/admin/ HTTP/1.1" 302 0
"GET /admin/ HTTP/1.1" 200 10127
"GET /static/admin/img/icon-changelink.svg HTTP/1.1" 200 380
"GET /static/admin/img/icon-viewlink.svg HTTP/1.1" 200 581
"GET /static/admin/img/icon-addlink.svg HTTP/1.1" 200 331
"GET /static/admin/css/dashboard.css HTTP/1.1" 200 441
"GET /admin/events/event/ HTTP/1.1" 200 10428
"GET /static/admin/js/jquery.init.js HTTP/1.1" 200 347
"GET /static/admin/css/changelists.css HTTP/1.1" 200 6566
"GET /static/admin/js/actions.js HTTP/1.1" 200 7872
"GET /static/admin/js/core.js HTTP/1.1" 200 5682
"GET /static/admin/js/admin/RelatedObjectLookups.js HTTP/1.1" 200 8943
"GET /static/admin/js/urlify.js HTTP/1.1" 200 7887
"GET /static/admin/js/prepopulate.js HTTP/1.1" 200 1531
"GET /admin/jsi18n/ HTTP/1.1" 200 3343
"GET /static/admin/js/vendor/jquery/jquery.js HTTP/1.1" 200 292458
"GET /static/admin/js/filters.js HTTP/1.1" 200 978
"GET /static/admin/js/vendor/xregexp/xregexp.js HTTP/1.1" 200 232381
"GET /static/admin/img/tooltag-add.svg HTTP/1.1" 200 331
"GET /admin/events/event/add/ HTTP/1.1" 200 18357
"GET /static/admin/js/prepopulate_init.js HTTP/1.1" 200 586
"GET /static/admin/js/calendar.js HTTP/1.1" 200 8466
"GET /static/admin/css/forms.css HTTP/1.1" 200 9090
"GET /static/admin/js/admin/DateTimeShortcuts.js HTTP/1.1" 200 19319
"GET /admin/jsi18n/ HTTP/1.1" 200 3343
"GET /static/admin/css/widgets.css HTTP/1.1" 200 11921
"GET /static/admin/img/icon-deletelink.svg HTTP/1.1" 200 392
"GET /static/admin/js/change_form.js HTTP/1.1" 200 606
"GET /static/admin/img/icon-clock.svg HTTP/1.1" 200 677
"GET /static/admin/img/icon-calendar.svg HTTP/1.1" 200 1086
"GET /static/admin/img/calendar-icons.svg HTTP/1.1" 200 1094
"GET /admin/events/venue/add/?_to_field=id&_popup=1 HTTP/1.1" 200 5665
"GET /static/admin/css/responsive.css HTTP/1.1" 304 0
"GET /static/admin/css/dark_mode.css HTTP/1.1" 304 0
"GET /static/admin/css/base.css HTTP/1.1" 304 0
"GET /static/admin/js/theme.js HTTP/1.1" 304 0
"GET /admin/jsi18n/ HTTP/1.1" 200 3343
"POST /admin/events/venue/add/?_to_field=id&_popup=1 HTTP/1.1" 200 325
"GET /static/admin/js/popup_response.js HTTP/1.1" 200 551
"GET /admin/events/category/add/?_to_field=id&_popup=1 HTTP/1.1" 200 4408
"GET /static/admin/js/admin/RelatedObjectLookups.js HTTP/1.1" 304 0
"GET /static/admin/js/core.js HTTP/1.1" 304 0
"GET /static/admin/js/jquery.init.js HTTP/1.1" 304 0
"GET /static/admin/js/vendor/jquery/jquery.js HTTP/1.1" 304 0
"GET /static/admin/css/forms.css HTTP/1.1" 304 0
"GET /static/admin/js/urlify.js HTTP/1.1" 304 0
"GET /static/admin/js/actions.js HTTP/1.1" 304 0
"GET /static/admin/js/prepopulate.js HTTP/1.1" 304 0
"GET /static/admin/js/prepopulate_init.js HTTP/1.1" 304 0
"GET /static/admin/js/vendor/xregexp/xregexp.js HTTP/1.1" 304 0
"GET /static/admin/css/widgets.css HTTP/1.1" 304 0
"GET /admin/jsi18n/ HTTP/1.1" 200 3343
"GET /static/admin/js/change_form.js HTTP/1.1" 304 0
"POST /admin/events/category/add/?_to_field=id&_popup=1 HTTP/1.1" 200 324
"POST /admin/events/event/add/ HTTP/1.1" 302 0
"GET /admin/events/event/ HTTP/1.1" 200 11783
"GET /static/admin/css/nav_sidebar.css HTTP/1.1" 304 0
"GET /static/admin/js/nav_sidebar.js HTTP/1.1" 304 0
"GET /static/admin/css/changelists.css HTTP/1.1" 304 0
"GET /static/admin/js/filters.js HTTP/1.1" 304 0
"GET /admin/jsi18n/ HTTP/1.1" 200 3343
"GET /static/admin/img/icon-yes.svg HTTP/1.1" 200 436
"GET /admin/tickets/ticket/ HTTP/1.1" 200 10439
"GET /admin/jsi18n/ HTTP/1.1" 200 3343
"GET /admin/tickets/ticket/add/ HTTP/1.1" 200 16235
"GET /static/admin/img/icon-addlink.svg HTTP/1.1" 304 0
"GET /static/admin/img/icon-changelink.svg HTTP/1.1" 304 0
"GET /static/admin/img/icon-viewlink.svg HTTP/1.1" 304 0
"GET /admin/jsi18n/ HTTP/1.1" 200 3343
"GET /accounts/login/ HTTP/1.1" 200 1120
"GET /accounts/register/ HTTP/1.1" 200 1898
"POST /accounts/register/ HTTP/1.1" 200 2077
"POST /accounts/register/ HTTP/1.1" 302 0
"GET /accounts/login/ HTTP/1.1" 200 1120
"POST /accounts/login/ HTTP/1.1" 302 0
Not Found: /
"GET / HTTP/1.1" 404 2279
Not Found: /accounts
"GET /accounts HTTP/1.1" 404 2321
/Users/omar/app-tiketera/core/models.py changed, reloading.
Watching for file changes with StatReloader
/Users/omar/app-tiketera/tiketera/urls.py changed, reloading.
Watching for file changes with StatReloader
Watching for file changes with StatReloader
Not Found: /accounts
"GET /accounts HTTP/1.1" 404 2911
"GET / HTTP/1.1" 200 3327
"GET /evento/1/ HTTP/1.1" 200 3289
"GET /admin/tickets/tickettype/ HTTP/1.1" 200 11002
"GET /static/admin/css/nav_sidebar.css HTTP/1.1" 304 0
"GET /static/admin/css/dark_mode.css HTTP/1.1" 304 0
"GET /static/admin/js/jquery.init.js HTTP/1.1" 304 0
"GET /static/admin/css/base.css HTTP/1.1" 304 0
"GET /static/admin/css/responsive.css HTTP/1.1" 304 0
"GET /static/admin/js/vendor/jquery/jquery.js HTTP/1.1" 304 0
"GET /static/admin/css/changelists.css HTTP/1.1" 304 0
"GET /static/admin/js/admin/RelatedObjectLookups.js HTTP/1.1" 304 0
"GET /static/admin/js/core.js HTTP/1.1" 304 0
"GET /static/admin/js/actions.js HTTP/1.1" 304 0
"GET /static/admin/js/prepopulate.js HTTP/1.1" 304 0
"GET /static/admin/js/urlify.js HTTP/1.1" 304 0
"GET /static/admin/js/vendor/xregexp/xregexp.js HTTP/1.1" 304 0
"GET /static/admin/img/tooltag-add.svg HTTP/1.1" 304 0
"GET /static/admin/js/nav_sidebar.js HTTP/1.1" 304 0
"GET /static/admin/js/theme.js HTTP/1.1" 304 0
"GET /static/admin/img/icon-addlink.svg HTTP/1.1" 304 0
"GET /admin/jsi18n/ HTTP/1.1" 200 3343
"GET /static/admin/js/filters.js HTTP/1.1" 304 0
"GET /admin/tickets/tickettype/add/ HTTP/1.1" 200 14644
"GET /static/admin/css/forms.css HTTP/1.1" 304 0
"GET /static/admin/img/icon-viewlink.svg HTTP/1.1" 304 0
"GET /static/admin/img/icon-changelink.svg HTTP/1.1" 304 0
"GET /static/admin/css/widgets.css HTTP/1.1" 304 0
"GET /admin/jsi18n/ HTTP/1.1" 200 3343
"GET /static/admin/js/prepopulate_init.js HTTP/1.1" 304 0
"GET /static/admin/js/change_form.js HTTP/1.1" 304 0
"POST /admin/tickets/tickettype/add/ HTTP/1.1" 302 0
"GET /admin/tickets/tickettype/ HTTP/1.1" 200 12407
"GET /admin/jsi18n/ HTTP/1.1" 200 3343
"GET /static/admin/img/icon-yes.svg HTTP/1.1" 304 0
"GET /evento/1/ HTTP/1.1" 200 3768
"GET /tickets/buy/1/ HTTP/1.1" 200 3537
"POST /tickets/buy/1/ HTTP/1.1" 302 0
"GET /evento/1/ HTTP/1.1" 200 3953
"GET /tickets/buy/1/ HTTP/1.1" 200 3537
"POST /tickets/buy/1/ HTTP/1.1" 302 0
"GET /evento/1/ HTTP/1.1" 200 3953
"GET /admin/tickets/ticket/ HTTP/1.1" 200 10906
"GET /admin/jsi18n/ HTTP/1.1" 200 3343
"GET /admin/tickets/ticket/add/ HTTP/1.1" 200 16816
"GET /admin/jsi18n/ HTTP/1.1" 200 3343
"GET /admin/core/sitesettings/ HTTP/1.1" 200 12000
"GET /admin/jsi18n/ HTTP/1.1" 200 3343
"GET /admin/core/sitesettings/1/change/ HTTP/1.1" 200 12083
"GET /admin/jsi18n/ HTTP/1.1" 200 3343
"POST /admin/core/sitesettings/1/change/ HTTP/1.1" 302 0
"GET /admin/core/sitesettings/ HTTP/1.1" 200 12225
"GET /admin/jsi18n/ HTTP/1.1" 200 3343
"GET /evento/1/ HTTP/1.1" 200 3768
"GET /evento/1/ HTTP/1.1" 200 3768
"GET /evento/1/ HTTP/1.1" 200 3768
"GET /tickets/buy/1/ HTTP/1.1" 200 3537
"POST /tickets/buy/1/ HTTP/1.1" 302 0
"GET /tickets/success/016cab97-a2e1-4928-b02b-74cabd336e3d/ HTTP/1.1" 200 3732
"GET /media/qrcodes/ticket_016cab97-a2e1-4928-b02b-74cabd336e3d.png HTTP/1.1" 200 957
"GET /admin/tickets/ticket/ HTTP/1.1" 200 12153
"GET /admin/jsi18n/ HTTP/1.1" 200 3343
"GET /admin/tickets/ticket/016cab97-a2e1-4928-b02b-74cabd336e3d/change/ HTTP/1.1" 200 17403
"GET /admin/jsi18n/ HTTP/1.1" 200 3343
"GET / HTTP/1.1" 200 3327
"GET /evento/1/ HTTP/1.1" 200 3767
"GET /admin/tickets/ticket/ HTTP/1.1" 200 12153
"GET /static/admin/css/changelists.css HTTP/1.1" 304 0
"GET /static/admin/css/dark_mode.css HTTP/1.1" 304 0
"GET /static/admin/js/jquery.init.js HTTP/1.1" 304 0
"GET /static/admin/css/responsive.css HTTP/1.1" 304 0
"GET /static/admin/css/base.css HTTP/1.1" 304 0
"GET /static/admin/css/nav_sidebar.css HTTP/1.1" 304 0
"GET /static/admin/js/core.js HTTP/1.1" 304 0
"GET /static/admin/js/admin/RelatedObjectLookups.js HTTP/1.1" 304 0
"GET /static/admin/js/vendor/jquery/jquery.js HTTP/1.1" 304 0
"GET /static/admin/js/actions.js HTTP/1.1" 304 0
"GET /static/admin/js/urlify.js HTTP/1.1" 304 0
"GET /static/admin/js/vendor/xregexp/xregexp.js HTTP/1.1" 304 0
"GET /static/admin/js/prepopulate.js HTTP/1.1" 304 0
"GET /admin/jsi18n/ HTTP/1.1" 200 3343
"GET /static/admin/js/filters.js HTTP/1.1" 304 0
"GET /static/admin/img/tooltag-add.svg HTTP/1.1" 304 0
"GET /static/admin/js/theme.js HTTP/1.1" 304 0
"GET /static/admin/js/nav_sidebar.js HTTP/1.1" 304 0
"GET /admin/users/user/ HTTP/1.1" 200 15239
"GET /static/admin/img/search.svg HTTP/1.1" 200 458
"GET /static/admin/img/icon-no.svg HTTP/1.1" 200 560
"GET /admin/jsi18n/ HTTP/1.1" 200 3343
"GET /static/admin/img/sorting-icons.svg HTTP/1.1" 200 1097
"GET /admin/users/user/2/change/ HTTP/1.1" 200 26498
"GET /static/admin/css/forms.css HTTP/1.1" 304 0
"GET /static/admin/js/calendar.js HTTP/1.1" 304 0
"GET /static/admin/js/admin/DateTimeShortcuts.js HTTP/1.1" 304 0
"GET /static/admin/js/SelectFilter2.js HTTP/1.1" 200 15292
"GET /static/admin/js/prepopulate_init.js HTTP/1.1" 304 0
"GET /static/admin/js/SelectBox.js HTTP/1.1" 200 4530
"GET /static/admin/img/icon-addlink.svg HTTP/1.1" 304 0
"GET /static/admin/css/widgets.css HTTP/1.1" 304 0
"GET /admin/jsi18n/ HTTP/1.1" 200 3343
"GET /static/admin/js/change_form.js HTTP/1.1" 304 0
"GET /static/admin/img/selector-icons.svg HTTP/1.1" 200 3291
"GET /static/admin/img/icon-clock.svg HTTP/1.1" 304 0
"GET /static/admin/img/icon-unknown-alt.svg HTTP/1.1" 200 655
"GET /static/admin/img/icon-calendar.svg HTTP/1.1" 304 0
"GET /static/admin/img/icon-unknown.svg HTTP/1.1" 200 655
"GET /admin/auditlog/logentry/ HTTP/1.1" 200 16258
"GET /admin/tickets/ticket/ HTTP/1.1" 200 12153
"GET /admin/jsi18n/ HTTP/1.1" 200 3343
"GET /admin/tickets/ticket/add/ HTTP/1.1" 200 16816
"GET /static/admin/img/icon-changelink.svg HTTP/1.1" 304 0
"GET /static/admin/img/icon-viewlink.svg HTTP/1.1" 304 0
"GET /admin/jsi18n/ HTTP/1.1" 200 3343
"GET /admin/events/event/ HTTP/1.1" 200 12046
"GET /admin/jsi18n/ HTTP/1.1" 200 3343
"GET /admin/events/event/1/change/ HTTP/1.1" 200 19242
"GET /static/admin/img/icon-deletelink.svg HTTP/1.1" 304 0
"GET /admin/jsi18n/ HTTP/1.1" 200 3343
"GET /admin/payments/transaction/ HTTP/1.1" 200 10945
"GET /admin/jsi18n/ HTTP/1.1" 200 3343
"GET /admin/payments/paymentmethod/ HTTP/1.1" 200 10964
"GET /admin/jsi18n/ HTTP/1.1" 200 3343
"GET /admin/payments/paymentmethod/add/ HTTP/1.1" 200 12257
"GET /admin/jsi18n/ HTTP/1.1" 200 3343
"GET /admin/payments/transaction/ HTTP/1.1" 200 10945
"GET /admin/jsi18n/ HTTP/1.1" 200 3343
"GET /admin/payments/paymentmethod/ HTTP/1.1" 200 10964
"GET /admin/jsi18n/ HTTP/1.1" 200 3343
"GET / HTTP/1.1" 200 3327
"GET / HTTP/1.1" 200 3327
"POST /accounts/logout/ HTTP/1.1" 302 0
"GET / HTTP/1.1" 200 2869
"GET /accounts/register/ HTTP/1.1" 200 4087
"POST /accounts/register/ HTTP/1.1" 302 0
"GET /accounts/login/ HTTP/1.1" 200 3664
"POST /accounts/login/ HTTP/1.1" 302 0
"GET / HTTP/1.1" 200 3327
"GET /admin/events/event/ HTTP/1.1" 200 12046
"GET /static/admin/css/base.css HTTP/1.1" 304 0
"GET /static/admin/js/vendor/jquery/jquery.js HTTP/1.1" 304 0
"GET /static/admin/css/dark_mode.css HTTP/1.1" 304 0
"GET /static/admin/css/nav_sidebar.css HTTP/1.1" 304 0
"GET /static/admin/css/responsive.css HTTP/1.1" 304 0
"GET /static/admin/css/changelists.css HTTP/1.1" 304 0
"GET /static/admin/js/jquery.init.js HTTP/1.1" 304 0
"GET /static/admin/js/admin/RelatedObjectLookups.js HTTP/1.1" 304 0
"GET /static/admin/js/urlify.js HTTP/1.1" 304 0
"GET /static/admin/js/actions.js HTTP/1.1" 304 0
"GET /static/admin/js/core.js HTTP/1.1" 304 0
"GET /static/admin/js/prepopulate.js HTTP/1.1" 304 0
"GET /static/admin/js/vendor/xregexp/xregexp.js HTTP/1.1" 304 0
"GET /static/admin/js/theme.js HTTP/1.1" 304 0
"GET /admin/jsi18n/ HTTP/1.1" 200 3343
"GET /static/admin/js/filters.js HTTP/1.1" 304 0
"GET /static/admin/js/nav_sidebar.js HTTP/1.1" 304 0
"GET /static/admin/img/icon-addlink.svg HTTP/1.1" 304 0
"GET /static/admin/img/tooltag-add.svg HTTP/1.1" 304 0
"GET /admin/events/event/add/ HTTP/1.1" 200 18969
"GET /static/admin/js/admin/DateTimeShortcuts.js HTTP/1.1" 304 0
"GET /static/admin/css/forms.css HTTP/1.1" 304 0
"GET /static/admin/img/icon-viewlink.svg HTTP/1.1" 304 0
"GET /static/admin/img/icon-changelink.svg HTTP/1.1" 304 0
"GET /static/admin/js/calendar.js HTTP/1.1" 304 0
"GET /admin/jsi18n/ HTTP/1.1" 200 3343
"GET /static/admin/js/prepopulate_init.js HTTP/1.1" 304 0
"GET /static/admin/css/widgets.css HTTP/1.1" 304 0
"GET /static/admin/img/icon-deletelink.svg HTTP/1.1" 304 0
"GET /static/admin/js/change_form.js HTTP/1.1" 304 0
"GET /static/admin/img/icon-clock.svg HTTP/1.1" 304 0
"GET /static/admin/img/icon-calendar.svg HTTP/1.1" 304 0
"GET /static/admin/img/calendar-icons.svg HTTP/1.1" 304 0
"GET /admin/events/venue/add/?_to_field=id&_popup=1 HTTP/1.1" 200 5665
"GET /admin/jsi18n/ HTTP/1.1" 200 3343
"POST /admin/events/venue/add/?_to_field=id&_popup=1 HTTP/1.1" 200 350
"GET /static/admin/js/popup_response.js HTTP/1.1" 304 0
"GET /admin/events/category/add/?_to_field=id&_popup=1 HTTP/1.1" 200 4408
"GET /admin/jsi18n/ HTTP/1.1" 200 3343
"POST /admin/events/category/add/?_to_field=id&_popup=1 HTTP/1.1" 200 339
"POST /admin/events/event/add/ HTTP/1.1" 302 0
"GET /admin/events/event/ HTTP/1.1" 200 12494
"GET /admin/jsi18n/ HTTP/1.1" 200 3343
"GET /static/admin/img/icon-yes.svg HTTP/1.1" 304 0
"GET / HTTP/1.1" 200 4108
"GET /evento/2/ HTTP/1.1" 200 3391
"GET /admin/tickets/tickettype/ HTTP/1.1" 200 12118
"GET /admin/jsi18n/ HTTP/1.1" 200 3343
"GET /admin/tickets/tickettype/add/ HTTP/1.1" 200 14641
"GET /admin/jsi18n/ HTTP/1.1" 200 3343
"POST /admin/tickets/tickettype/add/ HTTP/1.1" 302 0
"GET /admin/tickets/tickettype/ HTTP/1.1" 200 12630
"GET /admin/jsi18n/ HTTP/1.1" 200 3343
"GET /evento/2/ HTTP/1.1" 200 3884
"GET /tickets/buy/2/ HTTP/1.1" 200 3567
"POST /tickets/buy/2/ HTTP/1.1" 302 0
"GET /tickets/success/81a86a21-3291-49c7-b5b2-e350bd0dc58b/ HTTP/1.1" 200 3747
"GET /media/qrcodes/ticket_81a86a21-3291-49c7-b5b2-e350bd0dc58b.png HTTP/1.1" 200 1282
"GET /admin/tickets/ticket/ HTTP/1.1" 200 12461
"GET /admin/jsi18n/ HTTP/1.1" 200 3343
"GET /admin/tickets/ticket/016cab97-a2e1-4928-b02b-74cabd336e3d/change/ HTTP/1.1" 200 17523
"GET /admin/jsi18n/ HTTP/1.1" 200 3343
"GET /admin/tickets/ticket/ HTTP/1.1" 200 12461
"GET /admin/tickets/ticket/81a86a21-3291-49c7-b5b2-e350bd0dc58b/change/ HTTP/1.1" 200 17523
"GET /static/admin/css/base.css HTTP/1.1" 304 0
"GET /static/admin/css/dark_mode.css HTTP/1.1" 304 0
"GET /static/admin/css/nav_sidebar.css HTTP/1.1" 304 0
"GET /static/admin/js/vendor/jquery/jquery.js HTTP/1.1" 304 0
"GET /static/admin/css/forms.css HTTP/1.1" 304 0
"GET /static/admin/js/jquery.init.js HTTP/1.1" 304 0
"GET /static/admin/css/responsive.css HTTP/1.1" 304 0
"GET /static/admin/js/core.js HTTP/1.1" 304 0
"GET /static/admin/js/admin/RelatedObjectLookups.js HTTP/1.1" 304 0
"GET /static/admin/js/actions.js HTTP/1.1" 304 0
"GET /static/admin/css/widgets.css HTTP/1.1" 304 0
"GET /static/admin/js/urlify.js HTTP/1.1" 304 0
"GET /static/admin/js/prepopulate.js HTTP/1.1" 304 0
"GET /static/admin/img/icon-addlink.svg HTTP/1.1" 304 0
"GET /static/admin/img/icon-changelink.svg HTTP/1.1" 304 0
"GET /static/admin/js/vendor/xregexp/xregexp.js HTTP/1.1" 304 0
"GET /admin/jsi18n/ HTTP/1.1" 200 3343
"GET /static/admin/js/prepopulate_init.js HTTP/1.1" 304 0
"GET /static/admin/js/theme.js HTTP/1.1" 304 0
"GET /static/admin/img/icon-viewlink.svg HTTP/1.1" 304 0
"GET /static/admin/js/change_form.js HTTP/1.1" 304 0
"GET /static/admin/js/nav_sidebar.js HTTP/1.1" 304 0
"GET /admin/payments/transaction/ HTTP/1.1" 200 10945
"GET /static/admin/css/changelists.css HTTP/1.1" 304 0
"GET /static/admin/js/filters.js HTTP/1.1" 304 0
"GET /admin/jsi18n/ HTTP/1.1" 200 3343
"GET /admin/payments/paymentmethod/ HTTP/1.1" 200 10964
"GET /admin/jsi18n/ HTTP/1.1" 200 3343
"GET /admin/auditlog/logentry/ HTTP/1.1" 200 19245
"GET /static/admin/img/search.svg HTTP/1.1" 304 0
"GET / HTTP/1.1" 200 4108
"GET / HTTP/1.1" 200 4108
Watching for file changes with StatReloader
"GET /admin/events/event/ HTTP/1.1" 200 12275
"GET /admin/jsi18n/ HTTP/1.1" 200 3343
"GET /admin/events/event/1/change/ HTTP/1.1" 200 19390
"GET /static/admin/js/calendar.js HTTP/1.1" 304 0
"GET /static/admin/js/admin/DateTimeShortcuts.js HTTP/1.1" 304 0
"GET /admin/jsi18n/ HTTP/1.1" 200 3343
"GET /static/admin/img/icon-deletelink.svg HTTP/1.1" 304 0
"GET /static/admin/img/icon-clock.svg HTTP/1.1" 304 0
"GET /static/admin/img/icon-calendar.svg HTTP/1.1" 304 0
"GET /admin/tickets/ticket/ HTTP/1.1" 200 12461
"GET /static/admin/css/dark_mode.css HTTP/1.1" 304 0
"GET /static/admin/css/base.css HTTP/1.1" 304 0
"GET /static/admin/css/changelists.css HTTP/1.1" 304 0
"GET /static/admin/css/nav_sidebar.css HTTP/1.1" 304 0
"GET /static/admin/js/core.js HTTP/1.1" 304 0
"GET /static/admin/js/vendor/jquery/jquery.js HTTP/1.1" 304 0
"GET /static/admin/js/jquery.init.js HTTP/1.1" 304 0
"GET /static/admin/js/urlify.js HTTP/1.1" 304 0
"GET /static/admin/js/admin/RelatedObjectLookups.js HTTP/1.1" 304 0
"GET /static/admin/js/actions.js HTTP/1.1" 304 0
"GET /static/admin/js/prepopulate.js HTTP/1.1" 304 0
"GET /static/admin/js/vendor/xregexp/xregexp.js HTTP/1.1" 304 0
"GET /static/admin/css/responsive.css HTTP/1.1" 304 0
"GET /static/admin/js/theme.js HTTP/1.1" 304 0
"GET /admin/jsi18n/ HTTP/1.1" 200 3343
"GET /static/admin/img/tooltag-add.svg HTTP/1.1" 304 0
"GET /static/admin/img/icon-addlink.svg HTTP/1.1" 304 0
"GET /static/admin/js/nav_sidebar.js HTTP/1.1" 304 0
"GET /static/admin/js/filters.js HTTP/1.1" 304 0
"GET /admin/tickets/ticket/81a86a21-3291-49c7-b5b2-e350bd0dc58b/change/ HTTP/1.1" 200 17523
"GET /static/admin/img/icon-changelink.svg HTTP/1.1" 304 0
"GET /static/admin/img/icon-viewlink.svg HTTP/1.1" 304 0
"GET /static/admin/css/forms.css HTTP/1.1" 304 0
"GET /static/admin/js/prepopulate_init.js HTTP/1.1" 304 0
"GET /static/admin/css/widgets.css HTTP/1.1" 304 0
"GET /admin/jsi18n/ HTTP/1.1" 200 3343
"GET /static/admin/js/change_form.js HTTP/1.1" 304 0
"GET /admin/tickets/ticket/ HTTP/1.1" 200 12461
"GET /admin/jsi18n/ HTTP/1.1" 200 3343
"GET /admin/tickets/ticket/add/ HTTP/1.1" 200 16936
"GET /admin/jsi18n/ HTTP/1.1" 200 3343
"POST /admin/tickets/ticket/add/ HTTP/1.1" 302 0
"GET /admin/tickets/ticket/ HTTP/1.1" 200 13032
"GET /admin/jsi18n/ HTTP/1.1" 200 3343
"GET /static/admin/img/icon-yes.svg HTTP/1.1" 304 0
"GET /admin/tickets/ticket/016cab97-a2e1-4928-b02b-74cabd336e3d/change/ HTTP/1.1" 200 17523
"GET /admin/jsi18n/ HTTP/1.1" 200 3343
"GET /admin/tickets/ticket/ HTTP/1.1" 200 12768
"GET /static/admin/css/responsive.css HTTP/1.1" 304 0
"GET /static/admin/css/base.css HTTP/1.1" 304 0
"GET /static/admin/css/dark_mode.css HTTP/1.1" 304 0
"GET /static/admin/css/changelists.css HTTP/1.1" 304 0
"GET /static/admin/css/nav_sidebar.css HTTP/1.1" 304 0
"GET /static/admin/js/vendor/jquery/jquery.js HTTP/1.1" 304 0
"GET /static/admin/js/admin/RelatedObjectLookups.js HTTP/1.1" 304 0
"GET /static/admin/js/actions.js HTTP/1.1" 304 0
"GET /static/admin/js/core.js HTTP/1.1" 304 0
"GET /static/admin/js/urlify.js HTTP/1.1" 304 0
"GET /static/admin/js/vendor/xregexp/xregexp.js HTTP/1.1" 304 0
"GET /static/admin/js/prepopulate.js HTTP/1.1" 304 0
"GET /admin/jsi18n/ HTTP/1.1" 200 3343
"GET /static/admin/js/theme.js HTTP/1.1" 304 0
"GET /static/admin/js/jquery.init.js HTTP/1.1" 304 0
"GET /static/admin/js/filters.js HTTP/1.1" 304 0
"GET /static/admin/js/nav_sidebar.js HTTP/1.1" 304 0
/Users/omar/app-tiketera/tiketera/settings.py changed, reloading.
Watching for file changes with StatReloader
Watching for file changes with StatReloader
"GET / HTTP/1.1" 200 4185
"GET /tickets/mis-boletos/ HTTP/1.1" 200 3722
"GET /media/qrcodes/ticket_81a86a21-3291-49c7-b5b2-e350bd0dc58b.png HTTP/1.1" 304 0
"GET / HTTP/1.1" 200 4185
"GET /evento/2/ HTTP/1.1" 200 3961
"GET /tickets/buy/2/ HTTP/1.1" 200 3644
Web3 provider not connected. Skipping blockchain registration.
Web3 provider not connected. Skipping blockchain registration.
"POST /tickets/buy/2/ HTTP/1.1" 302 0
"GET /tickets/success/28c1d42d-1f95-41e4-87bc-edf09180dbe8/ HTTP/1.1" 200 3824
"GET /media/qrcodes/ticket_28c1d42d-1f95-41e4-87bc-edf09180dbe8.png HTTP/1.1" 200 1279
"GET /tickets/mis-boletos/ HTTP/1.1" 200 4787
"GET /media/qrcodes/ticket_28c1d42d-1f95-41e4-87bc-edf09180dbe8.png HTTP/1.1" 304 0
"GET /admin/tickets/ticket/ HTTP/1.1" 200 16085
"GET /static/admin/css/changelists.css HTTP/1.1" 304 0
"GET /static/admin/css/dark_mode.css HTTP/1.1" 304 0
"GET /static/admin/js/jquery.init.js HTTP/1.1" 304 0
"GET /static/admin/css/nav_sidebar.css HTTP/1.1" 304 0
"GET /static/admin/js/actions.js HTTP/1.1" 304 0
"GET /static/admin/js/core.js HTTP/1.1" 304 0
"GET /static/admin/js/admin/RelatedObjectLookups.js HTTP/1.1" 304 0
"GET /static/admin/js/vendor/jquery/jquery.js HTTP/1.1" 304 0
"GET /static/admin/js/urlify.js HTTP/1.1" 304 0
"GET /static/admin/js/vendor/xregexp/xregexp.js HTTP/1.1" 304 0
"GET /static/admin/img/icon-no.svg HTTP/1.1" 304 0
"GET /static/admin/js/prepopulate.js HTTP/1.1" 304 0
"GET /static/admin/css/base.css HTTP/1.1" 304 0
"GET /admin/jsi18n/ HTTP/1.1" 200 3343
"GET /static/admin/js/theme.js HTTP/1.1" 304 0
"GET /static/admin/css/responsive.css HTTP/1.1" 304 0
"GET /static/admin/js/filters.js HTTP/1.1" 304 0
"GET /static/admin/img/icon-addlink.svg HTTP/1.1" 304 0
"GET /static/admin/js/nav_sidebar.js HTTP/1.1" 304 0
"GET /static/admin/img/tooltag-add.svg HTTP/1.1" 304 0
"GET /admin/tickets/ticket/698f22be-7da8-4546-b41a-faaec6486497/change/ HTTP/1.1" 200 17520
"GET /static/admin/img/icon-changelink.svg HTTP/1.1" 304 0
"GET /static/admin/css/forms.css HTTP/1.1" 304 0
"GET /static/admin/img/icon-viewlink.svg HTTP/1.1" 304 0
"GET /static/admin/js/prepopulate_init.js HTTP/1.1" 304 0
"GET /static/admin/css/widgets.css HTTP/1.1" 304 0
"GET /admin/jsi18n/ HTTP/1.1" 200 3343
"GET /static/admin/js/change_form.js HTTP/1.1" 304 0
Web3 provider not connected. Skipping blockchain registration.
Web3 provider not connected. Skipping blockchain registration.
"POST /admin/tickets/ticket/698f22be-7da8-4546-b41a-faaec6486497/change/ HTTP/1.1" 302 0
"GET /admin/tickets/ticket/ HTTP/1.1" 200 16351
"GET /admin/jsi18n/ HTTP/1.1" 200 3343
"GET /static/admin/img/icon-yes.svg HTTP/1.1" 304 0
"GET /admin/tickets/ticket/698f22be-7da8-4546-b41a-faaec6486497/change/ HTTP/1.1" 200 17520
"GET /admin/jsi18n/ HTTP/1.1" 200 3343
"GET /admin/tickets/ticket/ HTTP/1.1" 200 16085
"GET /admin/jsi18n/ HTTP/1.1" 200 3343
"POST /admin/tickets/ticket/ HTTP/1.1" 200 11770
"GET /static/admin/js/cancel.js HTTP/1.1" 200 884
"POST /admin/tickets/ticket/ HTTP/1.1" 302 0
"GET /admin/tickets/ticket/ HTTP/1.1" 200 12358
"GET /admin/jsi18n/ HTTP/1.1" 200 3343
"GET /admin/tickets/ticket/add/ HTTP/1.1" 200 16933
"GET /admin/jsi18n/ HTTP/1.1" 200 3343
Web3 provider not connected. Skipping blockchain registration.
Web3 provider not connected. Skipping blockchain registration.
"POST /admin/tickets/ticket/add/ HTTP/1.1" 302 0
"GET /admin/tickets/ticket/ HTTP/1.1" 200 14578
"GET /admin/jsi18n/ HTTP/1.1" 200 3343
"GET /admin/tickets/ticket/7b00d55c-40ea-4abd-9b34-69faa05fc4f7/change/ HTTP/1.1" 200 17520
"GET /admin/jsi18n/ HTTP/1.1" 200 3343
Web3 provider not connected. Skipping blockchain registration.
Web3 provider not connected. Skipping blockchain registration.
"POST /admin/tickets/ticket/7b00d55c-40ea-4abd-9b34-69faa05fc4f7/change/ HTTP/1.1" 302 0
"GET /admin/tickets/ticket/ HTTP/1.1" 200 14580
"GET /admin/jsi18n/ HTTP/1.1" 200 3343
"GET /admin/tickets/ticket/7b00d55c-40ea-4abd-9b34-69faa05fc4f7/change/ HTTP/1.1" 200 17528
"GET /admin/jsi18n/ HTTP/1.1" 200 3343
"GET / HTTP/1.1" 200 4185
"GET /tickets/mis-boletos/ HTTP/1.1" 200 2864
"GET / HTTP/1.1" 200 4185
Web3 provider not connected. Skipping blockchain registration.
Web3 provider not connected. Skipping blockchain registration.
"POST /admin/tickets/ticket/7b00d55c-40ea-4abd-9b34-69faa05fc4f7/change/ HTTP/1.1" 302 0
"GET /admin/tickets/ticket/ HTTP/1.1" 200 14580
"GET /admin/jsi18n/ HTTP/1.1" 200 3343
"GET /tickets/mis-boletos/ HTTP/1.1" 200 2864
"GET /tickets/mis-boletos/ HTTP/1.1" 200 2864
"GET /tickets/mis-boletos/ HTTP/1.1" 200 2864
"GET /admin/tickets/ticket/7b00d55c-40ea-4abd-9b34-69faa05fc4f7/change/ HTTP/1.1" 200 17520
"GET /admin/jsi18n/ HTTP/1.1" 200 3343
"GET /admin/tickets/ticket/ HTTP/1.1" 200 14314
"GET /admin/jsi18n/ HTTP/1.1" 200 3343
"POST /admin/tickets/ticket/ HTTP/1.1" 200 11061
"POST /admin/tickets/ticket/ HTTP/1.1" 302 0
"GET /admin/tickets/ticket/ HTTP/1.1" 200 12357
"GET /admin/jsi18n/ HTTP/1.1" 200 3343
"GET / HTTP/1.1" 200 4185
"GET /evento/2/ HTTP/1.1" 200 3961
"GET /tickets/buy/2/ HTTP/1.1" 200 3644
Web3 provider not connected. Skipping blockchain registration.
Web3 provider not connected. Skipping blockchain registration.
"POST /tickets/buy/2/ HTTP/1.1" 302 0
"GET /tickets/success/0482c408-3c6e-46ab-874b-f10756211de2/ HTTP/1.1" 200 3824
"GET /media/qrcodes/ticket_0482c408-3c6e-46ab-874b-f10756211de2.png HTTP/1.1" 200 1284
"GET /admin/tickets/ticket/ HTTP/1.1" 200 14342
"GET /admin/jsi18n/ HTTP/1.1" 200 3343
"GET /admin/tickets/ticket/0482c408-3c6e-46ab-874b-f10756211de2/change/ HTTP/1.1" 200 17520
"GET /admin/jsi18n/ HTTP/1.1" 200 3343
"GET /admin/core/sitesettings/ HTTP/1.1" 200 11997
"GET /admin/jsi18n/ HTTP/1.1" 200 3343
"GET /admin/core/sitesettings/1/change/ HTTP/1.1" 200 12088
"GET /admin/jsi18n/ HTTP/1.1" 200 3343
"POST /admin/core/sitesettings/1/change/ HTTP/1.1" 302 0
"GET /admin/core/sitesettings/ HTTP/1.1" 200 12222
"GET /admin/jsi18n/ HTTP/1.1" 200 3343
"GET /admin/tickets/ticket/ HTTP/1.1" 200 14342
"GET /admin/jsi18n/ HTTP/1.1" 200 3343
"GET /admin/tickets/ticket/ HTTP/1.1" 200 14342
"GET /static/admin/css/dark_mode.css HTTP/1.1" 304 0
"GET /static/admin/css/changelists.css HTTP/1.1" 304 0
"GET /static/admin/css/base.css HTTP/1.1" 304 0
"GET /static/admin/css/responsive.css HTTP/1.1" 304 0
"GET /static/admin/css/nav_sidebar.css HTTP/1.1" 304 0
"GET /static/admin/js/admin/RelatedObjectLookups.js HTTP/1.1" 304 0
"GET /static/admin/js/core.js HTTP/1.1" 304 0
"GET /static/admin/js/vendor/jquery/jquery.js HTTP/1.1" 304 0
"GET /static/admin/js/jquery.init.js HTTP/1.1" 304 0
"GET /static/admin/js/urlify.js HTTP/1.1" 304 0
"GET /static/admin/js/actions.js HTTP/1.1" 304 0
"GET /static/admin/js/prepopulate.js HTTP/1.1" 304 0
"GET /admin/jsi18n/ HTTP/1.1" 200 3343
"GET /static/admin/js/vendor/xregexp/xregexp.js HTTP/1.1" 304 0
"GET /static/admin/img/icon-no.svg HTTP/1.1" 304 0
"GET /static/admin/js/theme.js HTTP/1.1" 304 0
"GET /static/admin/js/nav_sidebar.js HTTP/1.1" 304 0
"GET /static/admin/js/filters.js HTTP/1.1" 304 0
"GET /admin/tickets/ticket/add/ HTTP/1.1" 200 16933
"GET /static/admin/img/icon-addlink.svg HTTP/1.1" 304 0
"GET /admin/jsi18n/ HTTP/1.1" 200 3343
Web3 provider not connected. Skipping blockchain registration.
Web3 provider not connected. Skipping blockchain registration.
"POST /admin/tickets/ticket/add/ HTTP/1.1" 302 0
"GET /admin/tickets/ticket/ HTTP/1.1" 200 15198
"GET /admin/jsi18n/ HTTP/1.1" 200 3343
"GET /admin/tickets/ticket/d2d95ebc-4eec-420b-b2af-f2b02e13faeb/change/ HTTP/1.1" 200 17520
"GET /admin/jsi18n/ HTTP/1.1" 200 3343
Web3 provider not connected. Using simulated blockchain registration.
Web3 provider not connected. Using simulated blockchain registration.
Registered ticket 69b5d4da-b3cb-4af5-89cb-36c2bb292dfd on blockchain.
Registered ticket 69b5d4da-b3cb-4af5-89cb-36c2bb292dfd on blockchain.
Watching for file changes with StatReloader
"GET /admin/core/sitesettings/ HTTP/1.1" 200 11997
"GET /static/admin/css/base.css HTTP/1.1" 304 0
"GET /static/admin/css/dark_mode.css HTTP/1.1" 304 0
"GET /static/admin/css/nav_sidebar.css HTTP/1.1" 304 0
"GET /static/admin/js/vendor/jquery/jquery.js HTTP/1.1" 304 0
"GET /static/admin/js/jquery.init.js HTTP/1.1" 304 0
"GET /static/admin/css/changelists.css HTTP/1.1" 304 0
"GET /static/admin/css/responsive.css HTTP/1.1" 304 0
"GET /static/admin/js/core.js HTTP/1.1" 304 0
"GET /static/admin/js/prepopulate.js HTTP/1.1" 304 0
"GET /static/admin/js/actions.js HTTP/1.1" 304 0
"GET /static/admin/js/admin/RelatedObjectLookups.js HTTP/1.1" 304 0
"GET /static/admin/js/urlify.js HTTP/1.1" 304 0
"GET /static/admin/js/vendor/xregexp/xregexp.js HTTP/1.1" 304 0
"GET /static/admin/js/theme.js HTTP/1.1" 304 0
"GET /admin/jsi18n/ HTTP/1.1" 200 3343
"GET /static/admin/js/nav_sidebar.js HTTP/1.1" 304 0
"GET /static/admin/js/filters.js HTTP/1.1" 304 0
"GET /static/admin/img/icon-addlink.svg HTTP/1.1" 304 0
"GET /admin/core/sitesettings/1/change/ HTTP/1.1" 200 13125
"GET /static/admin/css/forms.css HTTP/1.1" 304 0
"GET /static/admin/js/prepopulate_init.js HTTP/1.1" 304 0
"GET /static/admin/css/widgets.css HTTP/1.1" 304 0
"GET /static/admin/js/change_form.js HTTP/1.1" 304 0
"GET /admin/jsi18n/ HTTP/1.1" 200 3343
"POST /admin/core/sitesettings/1/change/ HTTP/1.1" 302 0
"GET /admin/core/sitesettings/ HTTP/1.1" 200 12222
"GET /admin/jsi18n/ HTTP/1.1" 200 3343
"GET /static/admin/img/icon-yes.svg HTTP/1.1" 304 0
"GET / HTTP/1.1" 200 4185
"GET /evento/2/ HTTP/1.1" 200 3961
"GET /tickets/buy/2/ HTTP/1.1" 200 3644
"POST /tickets/buy/2/ HTTP/1.1" 302 0
"GET /evento/2/ HTTP/1.1" 200 4146
"GET /tickets/buy/2/ HTTP/1.1" 200 3644
"GET /admin/core/sitesettings/1/change/ HTTP/1.1" 200 13236
"GET /admin/jsi18n/ HTTP/1.1" 200 3343
"POST /admin/core/sitesettings/1/change/ HTTP/1.1" 302 0
"GET /admin/core/sitesettings/ HTTP/1.1" 200 12222
"GET /admin/jsi18n/ HTTP/1.1" 200 3343
Registered ticket 543370d3-fd91-496e-b70d-9a6cee672562 on blockchain.
Registered ticket 543370d3-fd91-496e-b70d-9a6cee672562 on blockchain.
"POST /tickets/buy/2/ HTTP/1.1" 302 0
"GET /tickets/success/543370d3-fd91-496e-b70d-9a6cee672562/ HTTP/1.1" 200 3881
"GET /media/qrcodes/ticket_543370d3-fd91-496e-b70d-9a6cee672562.png HTTP/1.1" 200 1309
"GET /admin/tickets/ticket/ HTTP/1.1" 200 15525
"GET /static/admin/img/icon-no.svg HTTP/1.1" 304 0
"GET /admin/jsi18n/ HTTP/1.1" 200 3343
"GET /static/admin/img/tooltag-add.svg HTTP/1.1" 304 0
"GET /admin/tickets/ticket/d2d95ebc-4eec-420b-b2af-f2b02e13faeb/change/ HTTP/1.1" 200 17520
"GET /static/admin/img/icon-changelink.svg HTTP/1.1" 304 0
"GET /static/admin/img/icon-viewlink.svg HTTP/1.1" 304 0
"GET /admin/jsi18n/ HTTP/1.1" 200 3343
"GET /admin/tickets/ticket/ HTTP/1.1" 200 15525
"GET /admin/jsi18n/ HTTP/1.1" 200 3343
"GET /admin/tickets/ticket/0482c408-3c6e-46ab-874b-f10756211de2/change/ HTTP/1.1" 200 17520
"GET /admin/jsi18n/ HTTP/1.1" 200 3343
"GET /admin/tickets/ticket/ HTTP/1.1" 200 15525
"GET /admin/jsi18n/ HTTP/1.1" 200 3343
"GET /admin/tickets/ticket/543370d3-fd91-496e-b70d-9a6cee672562/change/ HTTP/1.1" 200 17615
"GET /admin/jsi18n/ HTTP/1.1" 200 3343
"GET / HTTP/1.1" 200 4185
"GET /tickets/mis-boletos/ HTTP/1.1" 200 4844
"GET /media/qrcodes/ticket_0482c408-3c6e-46ab-874b-f10756211de2.png HTTP/1.1" 304 0
"GET /media/qrcodes/ticket_543370d3-fd91-496e-b70d-9a6cee672562.png HTTP/1.1" 304 0
/Users/omar/app-tiketera/tickets/models.py changed, reloading.
Watching for file changes with StatReloader
/Users/omar/app-tiketera/tickets/urls.py changed, reloading.
Watching for file changes with StatReloader
Web3 provider not connected. Using simulated blockchain registration.
Web3 provider not connected. Using simulated blockchain registration.
Registered ticket 7712bc89-af17-435e-bfb8-b750173fae10 on blockchain.
Registered ticket 7712bc89-af17-435e-bfb8-b750173fae10 on blockchain.
Bad Request: /tickets/api/validate/
Web3 provider not connected. Using simulated blockchain registration.
Web3 provider not connected. Using simulated blockchain registration.
Registered ticket c0b0f8ee-d495-4c36-8218-738d029d270c on blockchain.
Registered ticket c0b0f8ee-d495-4c36-8218-738d029d270c on blockchain.
Forbidden: /tickets/api/validate/
Web3 provider not connected. Using simulated blockchain registration.
Web3 provider not connected. Using simulated blockchain registration.
Registered ticket f1ead142-5812-4a89-99c6-44175ee6f51e on blockchain.
Registered ticket f1ead142-5812-4a89-99c6-44175ee6f51e on blockchain.
Bad Request: /tickets/api/validate/
Web3 provider not connected. Using simulated blockchain registration.
Web3 provider not connected. Using simulated blockchain registration.
Registered ticket 19f9f83a-6de7-4dc2-bdb4-c2c80f040abc on blockchain.
Registered ticket 19f9f83a-6de7-4dc2-bdb4-c2c80f040abc on blockchain.
Forbidden: /tickets/api/validate/
Web3 provider not connected. Using simulated blockchain registration.
Web3 provider not connected. Using simulated blockchain registration.
Registered ticket 03aecc1a-e761-478b-a4f1-f5b155b481f7 on blockchain.
Registered ticket 03aecc1a-e761-478b-a4f1-f5b155b481f7 on blockchain.
Watching for file changes with StatReloader
"GET /tickets/mis-boletos/ HTTP/1.1" 200 4844
"GET /media/qrcodes/ticket_543370d3-fd91-496e-b70d-9a6cee672562.png HTTP/1.1" 304 0
"GET /media/qrcodes/ticket_0482c408-3c6e-46ab-874b-f10756211de2.png HTTP/1.1" 304 0
"GET / HTTP/1.1" 200 4185
"GET /admin/tickets/ticket/ HTTP/1.1" 200 15525
"GET /static/admin/css/base.css HTTP/1.1" 304 0
"GET /static/admin/css/nav_sidebar.css HTTP/1.1" 304 0
"GET /static/admin/css/dark_mode.css HTTP/1.1" 304 0
"GET /static/admin/css/responsive.css HTTP/1.1" 304 0
"GET /static/admin/js/vendor/jquery/jquery.js HTTP/1.1" 304 0
"GET /static/admin/css/changelists.css HTTP/1.1" 304 0
"GET /static/admin/js/jquery.init.js HTTP/1.1" 304 0
"GET /static/admin/js/core.js HTTP/1.1" 304 0
"GET /static/admin/js/admin/RelatedObjectLookups.js HTTP/1.1" 304 0
"GET /static/admin/js/urlify.js HTTP/1.1" 304 0
"GET /static/admin/js/vendor/xregexp/xregexp.js HTTP/1.1" 304 0
"GET /static/admin/js/prepopulate.js HTTP/1.1" 304 0
"GET /static/admin/js/actions.js HTTP/1.1" 304 0
"GET /static/admin/img/icon-no.svg HTTP/1.1" 304 0
"GET /admin/jsi18n/ HTTP/1.1" 200 3343
"GET /static/admin/js/theme.js HTTP/1.1" 304 0
"GET /static/admin/img/tooltag-add.svg HTTP/1.1" 304 0
"GET /static/admin/js/filters.js HTTP/1.1" 304 0
"GET /static/admin/js/nav_sidebar.js HTTP/1.1" 304 0
"GET /static/admin/img/icon-addlink.svg HTTP/1.1" 304 0
"POST /admin/tickets/ticket/ HTTP/1.1" 200 11534
"GET /static/admin/js/cancel.js HTTP/1.1" 304 0
"POST /admin/tickets/ticket/ HTTP/1.1" 302 0
"GET /admin/tickets/ticket/ HTTP/1.1" 200 12358
"GET /admin/jsi18n/ HTTP/1.1" 200 3343
"GET /static/admin/img/icon-yes.svg HTTP/1.1" 304 0
"GET /admin/tickets/ticket/add/ HTTP/1.1" 200 16933
"GET /static/admin/css/forms.css HTTP/1.1" 304 0
"GET /static/admin/img/icon-changelink.svg HTTP/1.1" 304 0
"GET /static/admin/img/icon-viewlink.svg HTTP/1.1" 304 0
"GET /static/admin/js/prepopulate_init.js HTTP/1.1" 304 0
"GET /static/admin/css/widgets.css HTTP/1.1" 304 0
"GET /static/admin/js/change_form.js HTTP/1.1" 304 0
"GET /admin/jsi18n/ HTTP/1.1" 200 3343
Registered ticket 3bab5e08-8b44-47a4-a0cf-7ae7c24e8421 on blockchain.
Registered ticket 3bab5e08-8b44-47a4-a0cf-7ae7c24e8421 on blockchain.
"POST /admin/tickets/ticket/add/ HTTP/1.1" 302 0
"GET /admin/tickets/ticket/ HTTP/1.1" 200 14578
"GET /admin/jsi18n/ HTTP/1.1" 200 3343
"GET /admin/tickets/ticket/3bab5e08-8b44-47a4-a0cf-7ae7c24e8421/change/ HTTP/1.1" 200 17615
"GET /admin/jsi18n/ HTTP/1.1" 200 3343
"GET /media/qrcodes/ticket_3bab5e08-8b44-47a4-a0cf-7ae7c24e8421.png HTTP/1.1" 200 1059
"GET /tickets/mis-boletos/ HTTP/1.1" 200 2864
"GET / HTTP/1.1" 200 4185
"GET /evento/2/ HTTP/1.1" 200 3961
"GET /tickets/buy/2/ HTTP/1.1" 200 3644
Registered ticket 13db66e8-f487-4b9d-9e72-57022dc574f4 on blockchain.
Registered ticket 13db66e8-f487-4b9d-9e72-57022dc574f4 on blockchain.
"POST /tickets/buy/2/ HTTP/1.1" 302 0
"GET /tickets/success/13db66e8-f487-4b9d-9e72-57022dc574f4/ HTTP/1.1" 200 3881
"GET /media/qrcodes/ticket_13db66e8-f487-4b9d-9e72-57022dc574f4.png HTTP/1.1" 200 1107
Forbidden: /tickets/api/validate/
"GET /tickets/api/validate/ HTTP/1.1" 403 65
"GET /admin/tickets/ticket/3bab5e08-8b44-47a4-a0cf-7ae7c24e8421/change/ HTTP/1.1" 200 17615
"GET /admin/tickets/ticket/ HTTP/1.1" 200 14906
"GET /admin/jsi18n/ HTTP/1.1" 200 3343
"GET /admin/tickets/ticket/13db66e8-f487-4b9d-9e72-57022dc574f4/change/ HTTP/1.1" 200 17615
"GET /admin/jsi18n/ HTTP/1.1" 200 3343
"GET /media/qrcodes/ticket_13db66e8-f487-4b9d-9e72-57022dc574f4.png HTTP/1.1" 200 1107
Forbidden: /tickets/api/validate/
"GET /tickets/api/validate/ HTTP/1.1" 403 65
Forbidden: /tickets/api/validate/
"POST /tickets/api/validate/ HTTP/1.1" 403 65
Forbidden: /tickets/api/validate/
"POST /tickets/api/validate/ HTTP/1.1" 403 54
Forbidden: /tickets/api/validate/
"POST /tickets/api/validate/ HTTP/1.1" 403 54
"POST /tickets/api/validate/ HTTP/1.1" 200 137
"GET /tickets/mis-boletos/ HTTP/1.1" 200 3779
"GET /media/qrcodes/ticket_13db66e8-f487-4b9d-9e72-57022dc574f4.png HTTP/1.1" 304 0
"GET /admin/tickets/ticket/13db66e8-f487-4b9d-9e72-57022dc574f4/change/ HTTP/1.1" 200 17623
"GET /admin/tickets/ticket/ HTTP/1.1" 200 14906
"GET /static/admin/css/base.css HTTP/1.1" 304 0
"GET /static/admin/css/responsive.css HTTP/1.1" 304 0
"GET /static/admin/css/dark_mode.css HTTP/1.1" 304 0
"GET /static/admin/css/changelists.css HTTP/1.1" 304 0
"GET /static/admin/css/nav_sidebar.css HTTP/1.1" 304 0
"GET /static/admin/js/vendor/jquery/jquery.js HTTP/1.1" 304 0
"GET /static/admin/js/admin/RelatedObjectLookups.js HTTP/1.1" 304 0
"GET /static/admin/js/core.js HTTP/1.1" 304 0
"GET /static/admin/js/jquery.init.js HTTP/1.1" 304 0
"GET /static/admin/js/actions.js HTTP/1.1" 304 0
"GET /static/admin/js/urlify.js HTTP/1.1" 304 0
"GET /static/admin/img/icon-yes.svg HTTP/1.1" 304 0
"GET /admin/jsi18n/ HTTP/1.1" 200 3343
"GET /static/admin/js/prepopulate.js HTTP/1.1" 304 0
"GET /static/admin/img/icon-no.svg HTTP/1.1" 304 0
"GET /static/admin/js/vendor/xregexp/xregexp.js HTTP/1.1" 304 0
"GET /static/admin/img/tooltag-add.svg HTTP/1.1" 304 0
"GET /static/admin/js/filters.js HTTP/1.1" 304 0
"GET /static/admin/js/theme.js HTTP/1.1" 304 0
"GET /static/admin/js/nav_sidebar.js HTTP/1.1" 304 0
"GET /admin/payments/paymentmethod/ HTTP/1.1" 200 10961
"GET /admin/jsi18n/ HTTP/1.1" 200 3343
"GET /static/admin/img/icon-addlink.svg HTTP/1.1" 304 0
"GET /admin/payments/paymentmethod/add/ HTTP/1.1" 200 12254
"GET /static/admin/css/forms.css HTTP/1.1" 304 0
"GET /static/admin/css/widgets.css HTTP/1.1" 304 0
"GET /static/admin/js/prepopulate_init.js HTTP/1.1" 304 0
"GET /static/admin/js/change_form.js HTTP/1.1" 304 0
"GET /admin/jsi18n/ HTTP/1.1" 200 3343
"GET / HTTP/1.1" 200 4185
"GET /admin/events/event/ HTTP/1.1" 200 12272
"GET /admin/jsi18n/ HTTP/1.1" 200 3343
"GET /admin/events/event/2/change/ HTTP/1.1" 200 19492
"GET /static/admin/js/calendar.js HTTP/1.1" 304 0
"GET /static/admin/img/icon-viewlink.svg HTTP/1.1" 304 0
"GET /static/admin/img/icon-changelink.svg HTTP/1.1" 304 0
"GET /static/admin/js/admin/DateTimeShortcuts.js HTTP/1.1" 304 0
"GET /static/admin/img/icon-deletelink.svg HTTP/1.1" 304 0
"GET /admin/jsi18n/ HTTP/1.1" 200 3343
"GET /static/admin/img/icon-calendar.svg HTTP/1.1" 304 0
"GET /static/admin/img/icon-clock.svg HTTP/1.1" 304 0
Not Found: /.well-known/appspecific/com.chrome.devtools.json
"GET /.well-known/appspecific/com.chrome.devtools.json HTTP/1.1" 404 3031
"GET / HTTP/1.1" 200 4185
Not Found: /.well-known/appspecific/com.chrome.devtools.json
"GET /.well-known/appspecific/com.chrome.devtools.json HTTP/1.1" 404 3031
"POST /accounts/logout/ HTTP/1.1" 302 0
"GET / HTTP/1.1" 200 3650
Not Found: /.well-known/appspecific/com.chrome.devtools.json
"GET /.well-known/appspecific/com.chrome.devtools.json HTTP/1.1" 404 3031
